******************************************************************************
                  TI ARM Linker PC v20.2.5                     
******************************************************************************
>> Linked Sat May 21 17:03:27 2022

OUTPUT FILE NAME:   <P4_UART.out>
ENTRY POINT SYMBOL: "_c_int00_noargs"  address: 000047a1


MEMORY CONFIGURATION

         name            origin    length      used     unused   attr    fill
----------------------  --------  ---------  --------  --------  ----  --------
  MAIN                  00000000   00040000  000058eb  0003a715  R  X
  INFO                  00200000   00004000  00000000  00004000  R  X
  SRAM_CODE             01000000   00010000  00000630  0000f9d0  RW X
  SRAM_DATA             20000000   00010000  00000630  0000f9d0  RW  


SEGMENT ALLOCATION MAP

run origin  load origin   length   init length attrs members
----------  ----------- ---------- ----------- ----- -------
00000000    00000000    000058f0   000058f0    r-x
  00000000    00000000    000000e4   000000e4    r-- .intvecs
  000000e4    000000e4    000047ec   000047ec    r-x .text
  000048d0    000048d0    00000fcb   00000fcb    r-- .const
  000058a0    000058a0    00000050   00000050    r-- .cinit
20000000    20000000    00000430   00000000    rw-
  20000000    20000000    00000404   00000000    rw- .bss
  20000404    20000404    0000002c   00000000    rw- .data
2000fe00    2000fe00    00000200   00000000    rw-
  2000fe00    2000fe00    00000200   00000000    rw- .stack


SECTION ALLOCATION MAP

 output                                  attributes/
section   page    origin      length       input sections
--------  ----  ----------  ----------   ----------------
.intvecs   0    00000000    000000e4     
                  00000000    000000e4     startup_msp432p401r_ccs.obj (.intvecs:retain)

.text      0    000000e4    000047ec     
                  000000e4    0000104c     lib_PAE.lib : graphics.obj (.text)
                  00001130    00000a4e     rtsv7M4_T_le_v4SPD16_eabi.lib : _printfi.c.obj (.text:__TI_printfi)
                  00001b7e    00000002                                   : div0.asm.obj (.text)
                  00001b80    000008a8     lib_PAE.lib : lcd.obj (.text)
                  00002428    00000444     lib_transmetreDades.obj (.text)
                  0000286c    000003be     lib_moviment.obj (.text)
                  00002c2a    00000002     --HOLE-- [fill = 0]
                  00002c2c    0000033c     main.obj (.text)
                  00002f68    00000334     system_msp432p401r.obj (.text)
                  0000329c    00000270     rtsv7M4_T_le_v4SPD16_eabi.lib : _printfi.c.obj (.text:_pconv_a)
                  0000350c    000001d0                                   : _printfi.c.obj (.text:_pconv_g)
                  000036dc    000001b6                                   : fd_add_t2.asm.obj (.text)
                  00003892    00000002     --HOLE-- [fill = 0]
                  00003894    00000188     lib_PAE.lib : msp_LCD.obj (.text)
                  00003a1c    0000013c     rtsv7M4_T_le_v4SPD16_eabi.lib : _printfi.c.obj (.text:_pconv_e)
                  00003b58    00000136                                   : fd_div_t2.asm.obj (.text)
                  00003c8e    00000002     --HOLE-- [fill = 0]
                  00003c90    00000124                                   : _printfi.c.obj (.text:fcvt)
                  00003db4    00000110                                   : s_scalbn.c.obj (.text:scalbn)
                  00003ec4    000000fc                                   : fd_mul_t2.asm.obj (.text)
                  00003fc0    000000b1                                   : _printfi.c.obj (.text:_ltostr)
                  00004071    00000001     --HOLE-- [fill = 0]
                  00004072    0000009c                                   : memcpy_t2.asm.obj (.text)
                  0000410e    00000096                                   : ull_div_t2.asm.obj (.text)
                  000041a4    00000086                                   : fd_cmp_t2.asm.obj (.text:__aeabi_cdcmple)
                  0000422a    00000086                                   : fd_cmp_t2.asm.obj (.text:__aeabi_cdrcmple)
                  000042b0    0000007a                                   : memset_t2.asm.obj (.text)
                  0000432a    00000002     --HOLE-- [fill = 0]
                  0000432c    00000078     lib_PAE.lib : Inicializacion.obj (.text)
                  000043a4    0000006e     rtsv7M4_T_le_v4SPD16_eabi.lib : _printfi.c.obj (.text:_mcpy)
                  00004412    00000002     --HOLE-- [fill = 0]
                  00004414    0000006c     lib_initTimers.obj (.text)
                  00004480    00000068     rtsv7M4_T_le_v4SPD16_eabi.lib : copy_decompress_lzss.c.obj (.text:decompress:lzss:__TI_decompress_lzss)
                  000044e8    00000064                                   : s_frexp.c.obj (.text:frexp)
                  0000454c    00000056                                   : _printfi.c.obj (.text:_pconv_f)
                  000045a2    00000054                                   : _ltoa.c.obj (.text:__TI_ltoa)
                  000045f6    00000052                                   : _printfi.c.obj (.text:_ecpy)
                  00004648    0000004c                                   : atoi.c.obj (.text:atoi)
                  00004694    00000048                                   : fd_toi_t2.asm.obj (.text)
                  000046dc    00000044                                   : autoinit.c.obj (.text:__TI_auto_init_nobinit_nopinit:__TI_auto_init_nobinit_nopinit)
                  00004720    00000040                                   : sprintf.c.obj (.text:sprintf)
                  00004760    0000003e                                   : _printfi.c.obj (.text:_fcpy)
                  0000479e    00000002     --HOLE-- [fill = 0]
                  000047a0    00000034                                   : boot_cortex_m.c.obj (.text:_c_int00_noargs:_c_int00_noargs)
                  000047d4    0000002e                                   : i_tofd_t2.asm.obj (.text)
                  00004802    0000001c                                   : memccpy.c.obj (.text:memccpy)
                  0000481e    0000001a                                   : s_copysign.c.obj (.text:copysign)
                  00004838    00000018                                   : sprintf.c.obj (.text:_outs)
                  00004850    00000016                                   : strchr.c.obj (.text:strchr)
                  00004866    00000014                                   : strlen.c.obj (.text:strlen)
                  0000487a    00000012                                   : wcslen.c.obj (.text:wcslen)
                  0000488c    0000000e                                   : copy_decompress_none.c.obj (.text:decompress:none:__TI_decompress_none)
                  0000489a    0000000e     startup_msp432p401r_ccs.obj (.text)
                  000048a8    0000000c     rtsv7M4_T_le_v4SPD16_eabi.lib : copy_zero_init.c.obj (.text:decompress:ZI:__TI_zero_init)
                  000048b4    0000000a                                   : sprintf.c.obj (.text:_outc)
                  000048be    00000002     --HOLE-- [fill = 0]
                  000048c0    00000008                                   : errno.c.obj (.text:__aeabi_errno_addr)
                  000048c8    00000004                                   : pre_init.c.obj (.text:_system_pre_init)
                  000048cc    00000004                                   : exit.c.obj (.text:abort:abort)

.const     0    000048d0    00000fcb     
                  000048d0    0000082a     lib_PAE.lib : graphics.obj (.const:font_11x16)
                  000050fa    00000474                 : graphics.obj (.const:font_8x12)
                  0000556e    000001e0                 : graphics.obj (.const:font_5x7)
                  0000574e    00000101     rtsv7M4_T_le_v4SPD16_eabi.lib : ctype.c.obj (.const:.string:_ctypes_)
                  0000584f    0000001a     lib_transmetreDades.obj (.const:.string:$P$T1$2)
                  00005869    00000012     lib_transmetreDades.obj (.const:.string:$P$T0$1)
                  0000587b    00000010     lib_PAE.lib : lcd.obj (.const:.string:$P$T0$1)
                  0000588b    00000010                 : lcd.obj (.const:.string:$P$T1$2)

.cinit     0    000058a0    00000050     
                  000058a0    00000027     (.cinit..data.load) [load image, compression = lzss]
                  000058c7    00000001     --HOLE-- [fill = 0]
                  000058c8    0000000c     (__TI_handler_table)
                  000058d4    00000004     --HOLE-- [fill = 0]
                  000058d8    00000008     (.cinit..bss.load) [load image, compression = zero_init]
                  000058e0    00000010     (__TI_cinit_table)

.init_array 
*          0    00000000    00000000     UNINITIALIZED

.binit     0    00000000    00000000     

.bss       0    20000000    00000404     UNINITIALIZED
                  20000000    00000400     lib_PAE.lib : graphics.obj (.bss:g_pulConvertedPalette)
                  20000400    00000002     lib_transmetreDades.obj (.bss)
                  20000402    00000002     (.common:cont_A1)

.data      0    20000404    0000002c     UNINITIALIZED
                  20000404    0000000c     lib_moviment.obj (.data)
                  20000410    0000000a     lib_PAE.lib : lcd.obj (.data)
                  2000041a    00000004                 : graphics.obj (.data)
                  2000041e    00000002     --HOLE--
                  20000420    00000004     lib_transmetreDades.obj (.data)
                  20000424    00000004     main.obj (.data)
                  20000428    00000004     rtsv7M4_T_le_v4SPD16_eabi.lib : errno.c.obj (.data)
                  2000042c    00000004     system_msp432p401r.obj (.data)

.stack     0    2000fe00    00000200     UNINITIALIZED
                  2000fe00    00000004     rtsv7M4_T_le_v4SPD16_eabi.lib : boot_cortex_m.c.obj (.stack)
                  2000fe04    000001fc     --HOLE--

__llvm_prf_cnts 
*          0    20000000    00000000     UNINITIALIZED

MODULE SUMMARY

       Module                        code    ro data   rw data
       ------                        ----    -------   -------
    .\
       lib_transmetreDades.obj       1092    44        12     
       lib_moviment.obj              958     0         24     
       main.obj                      828     0         8      
       system_msp432p401r.obj        820     0         8      
       startup_msp432p401r_ccs.obj   14      228       0      
       lib_initTimers.obj            108     0         4      
    +--+-----------------------------+-------+---------+---------+
       Total:                        3820    272       56     
                                                              
    ../lib_PAE.lib
       graphics.obj                  4172    3710      2056   
       lcd.obj                       2216    32        20     
       msp_LCD.obj                   392     0         0      
       Inicializacion.obj            120     0         0      
    +--+-----------------------------+-------+---------+---------+
       Total:                        6900    3742      2076   
                                                              
    C:\ti\ccs1040\ccs\tools\compiler\ti-cgt-arm_20.2.5.LTS\lib\rtsv7M4_T_le_v4SPD16_eabi.lib
       _printfi.c.obj                4851    0         0      
       fd_add_t2.asm.obj             438     0         0      
       fd_div_t2.asm.obj             310     0         0      
       s_scalbn.c.obj                272     0         0      
       fd_cmp_t2.asm.obj             268     0         0      
       ctype.c.obj                   0       257       0      
       fd_mul_t2.asm.obj             252     0         0      
       memcpy_t2.asm.obj             156     0         0      
       ull_div_t2.asm.obj            150     0         0      
       memset_t2.asm.obj             122     0         0      
       copy_decompress_lzss.c.obj    104     0         0      
       s_frexp.c.obj                 100     0         0      
       sprintf.c.obj                 98      0         0      
       _ltoa.c.obj                   84      0         0      
       atoi.c.obj                    76      0         0      
       fd_toi_t2.asm.obj             72      0         0      
       autoinit.c.obj                68      0         0      
       boot_cortex_m.c.obj           52      0         0      
       i_tofd_t2.asm.obj             46      0         0      
       memccpy.c.obj                 28      0         0      
       s_copysign.c.obj              26      0         0      
       strchr.c.obj                  22      0         0      
       strlen.c.obj                  20      0         0      
       wcslen.c.obj                  18      0         0      
       errno.c.obj                   8       0         8      
       copy_decompress_none.c.obj    14      0         0      
       copy_zero_init.c.obj          12      0         0      
       exit.c.obj                    4       0         0      
       pre_init.c.obj                4       0         0      
       div0.asm.obj                  2       0         0      
    +--+-----------------------------+-------+---------+---------+
       Total:                        7677    257       8      
                                                              
       Stack:                        0       0         1024   
       Linker Generated:             0       75        0      
    +--+-----------------------------+-------+---------+---------+
       Grand Total:                  18397   4346      3164   


LINKER GENERATED COPY TABLES

__TI_cinit_table @ 000058e0 records: 2, size/record: 8, table size: 16
	.data: load addr=000058a0, load size=00000027 bytes, run addr=20000404, run size=0000002c bytes, compression=lzss
	.bss: load addr=000058d8, load size=00000008 bytes, run addr=20000000, run size=00000404 bytes, compression=zero_init


LINKER GENERATED HANDLER TABLE

__TI_handler_table @ 000058c8 records: 3, size/record: 4, table size: 12
	index: 0, handler: __TI_decompress_lzss
	index: 1, handler: __TI_decompress_none
	index: 2, handler: __TI_zero_init


GLOBAL SYMBOLS: SORTED ALPHABETICALLY BY Name 

address   name                          
-------   ----                          
000048a7  ADC14_IRQHandler              
000048a7  AES256_IRQHandler             
00004415  Activa_TimerA1_TimeOut        
000048a7  BusFault_Handler              
000048cd  C$$EXIT                       
000048a7  COMP_E0_IRQHandler            
000048a7  COMP_E1_IRQHandler            
000048a7  CS_IRQHandler                 
20000412  Color_Fondo                   
20000416  Color_Fondo_Inv               
20000414  Color_Texto                   
20000418  Color_Texto_Inv               
000048a7  DMA_ERR_IRQHandler            
000048a7  DMA_INT0_IRQHandler           
000048a7  DMA_INT1_IRQHandler           
000048a7  DMA_INT2_IRQHandler           
000048a7  DMA_INT3_IRQHandler           
000048a7  DebugMon_Handler              
000048a7  Default_Handler               
000027e9  EUSCIA0_IRQHandler            
000027e9  EUSCIA0_IRQHandler            
000048a7  EUSCIA1_IRQHandler            
00002817  EUSCIA2_IRQHandler            
00002817  EUSCIA2_IRQHandler            
000048a7  EUSCIA3_IRQHandler            
000048a7  EUSCIB0_IRQHandler            
000048a7  EUSCIB1_IRQHandler            
000048a7  EUSCIB2_IRQHandler            
000048a7  EUSCIB3_IRQHandler            
000048a7  FLCTL_IRQHandler              
000048a7  FPU_IRQHandler                
20000411  Fuente                        
000048a7  HardFault_Handler             
000048a7  MemManage_Handler             
000048a7  NMI_Handler                   
000048a7  PCM_IRQHandler                
000048a7  PORT1_IRQHandler              
000048a7  PORT2_IRQHandler              
000048a7  PORT3_IRQHandler              
000048a7  PORT4_IRQHandler              
00002eb1  PORT5_IRQHandler              
00002eb1  PORT5_IRQHandler              
000048a7  PORT6_IRQHandler              
000048a7  PSS_IRQHandler                
000048a7  PendSV_Handler                
000048a7  RTC_C_IRQHandler              
0000489b  Reset_Handler                 
00004437  Reset_Timeout                 
000025bd  RxPacket                      
000048a7  SVC_Handler                   
00002431  Sentit_Dades_Rx               
0000243d  Sentit_Dades_Tx               
000048a7  SysTick_Handler               
2000042c  SystemCoreClock               
00002f69  SystemCoreClockUpdate         
000031e1  SystemInit                    
000048a7  T32_INT1_IRQHandler           
000048a7  T32_INT2_IRQHandler           
000048a7  T32_INTC_IRQHandler           
000048a7  TA0_0_IRQHandler              
000048a7  TA0_N_IRQHandler              
0000445d  TA1_0_IRQHandler              
0000445d  TA1_0_IRQHandler              
000048a7  TA1_N_IRQHandler              
000048a7  TA2_0_IRQHandler              
000048a7  TA2_N_IRQHandler              
000048a7  TA3_0_IRQHandler              
000048a7  TA3_N_IRQHandler              
0000443f  TimeOut                       
0000247d  TxPacket                      
00002449  TxUACx                        
000048a7  UsageFault_Handler            
4000480c  WDTCTL_SYM                    
000048a7  WDT_A_IRQHandler              
20010000  __STACK_END                   
00000200  __STACK_SIZE                  
000058e0  __TI_CINIT_Base               
000058f0  __TI_CINIT_Limit              
000058c8  __TI_Handler_Table_Base       
000058d4  __TI_Handler_Table_Limit      
000046dd  __TI_auto_init_nobinit_nopinit
00004481  __TI_decompress_lzss          
0000488d  __TI_decompress_none          
000045a3  __TI_ltoa                     
ffffffff  __TI_pprof_out_hndl           
00001131  __TI_printfi                  
ffffffff  __TI_prof_data_size           
ffffffff  __TI_prof_data_start          
00000000  __TI_static_base__            
000048a9  __TI_zero_init                
000041a5  __aeabi_cdcmpeq               
000041a5  __aeabi_cdcmple               
0000422b  __aeabi_cdrcmple              
00004695  __aeabi_d2iz                  
000036e7  __aeabi_dadd                  
00003b59  __aeabi_ddiv                  
00003ec5  __aeabi_dmul                  
000036dd  __aeabi_dsub                  
000048c1  __aeabi_errno_addr            
000047d5  __aeabi_i2d                   
00001b7f  __aeabi_idiv0                 
00001b7f  __aeabi_ldiv0                 
000042b1  __aeabi_memclr                
000042b1  __aeabi_memclr4               
000042b1  __aeabi_memclr8               
00004073  __aeabi_memcpy                
00004073  __aeabi_memcpy4               
00004073  __aeabi_memcpy8               
000042b3  __aeabi_memset                
000042b3  __aeabi_memset4               
000042b3  __aeabi_memset8               
0000410f  __aeabi_uldivmod              
ffffffff  __binit__                     
ffffffff  __c_args__                    
UNDEFED   __mpu_init                    
2000fe00  __stack                       
20000000  __start___llvm_prf_cnts       
20000000  __stop___llvm_prf_cnts        
000047a1  _c_int00_noargs               
0000574e  _ctypes_                      
20000410  _orientation                  
UNDEFED   _system_post_cinit            
000048c9  _system_pre_init              
000048cd  abort                         
00004649  atoi                          
2000041d  bgColorHighByte               
2000041c  bgColorLowByte                
ffffffff  binit                         
00002b61  busquem_paret                 
00002b1f  busquem_paret_girant          
00001fb1  cambiar_orientacion           
0000286d  canvi_mode_emulador           
00000121  clearScreen                   
000001af  clearScreenBkg                
2000041b  colorHighByte                 
2000041a  colorLowByte                  
20000402  cont_A1                       
0000481f  copysign                      
0000481f  copysignl                     
000039b9  delay                         
00000521  drawCharLg                    
000005c9  drawCharLgBkg                 
000006ad  drawCharMd                    
0000075b  drawCharMdBkg                 
000003a1  drawCharSm                    
00000447  drawCharSmBkg                 
00000d9b  drawCircle                    
000008bd  drawImage                     
000008d5  drawImageLut                  
000009e3  drawImageMono                 
00000b41  drawLine                      
00000a01  drawLogicLine                 
00000237  drawPixel                     
00000d37  drawRect                      
00000267  drawString                    
00002929  endarrere                     
00002901  endavant                      
20000428  errno                         
20000424  estat_robot                   
00000fb9  fillCircle                    
00000f1b  fillRect                      
000048d0  font_11x16                    
0000556e  font_5x7                      
000050fa  font_8x12                     
000044e9  frexp                         
000044e9  frexpl                        
00002dc9  funcionament_robot            
00001c2b  getAltura                     
00001bd9  getColumna                    
00001b87  getLinea                      
00001b81  getOrientacion                
00001c87  getScreenHeight               
00001c71  getScreenWidth                
00002951  girar_dreta                   
00002979  girar_esquerra                
00002887  girar_motor                   
00002141  halLcdClearLine               
00001fdf  halLcdClearScreen             
00002003  halLcdClearScreenBkg          
000022b5  halLcdDrawCircle              
000023bd  halLcdDrawImageLut            
00002209  halLcdDrawLine                
000021b7  halLcdDrawPixel               
0000225d  halLcdDrawRect                
00002361  halLcdFillCircle              
00002305  halLcdFillRect                
00001fd3  halLcdInit                    
00002023  halLcdPrintLine               
000020a3  halLcdPrintLineCol            
00001dfd  initLCD                       
0000441d  init_TimerA1                  
00002c81  init_UART_emulador            
00002cdf  init_UART_real                
00002d3d  init_direction_port           
00002c2d  init_interrupciones_emulador  
00002c57  init_interrupciones_real      
00002d67  init_joysticks                
00003895  init_spi_lcd_tactil           
0000432d  init_ucs_16MHz                
00004365  init_ucs_24MHz                
00000000  interruptVectors              
00003db5  ldexp                         
00003db5  ldexpl                        
000029ab  llegir_sensors                
00002e65  main                          
00004803  memccpy                       
00004073  memcpy                        
000042b9  memset                        
00002429  mode_emulador                 
20000420  mode_funcionament             
20000408  motor_dret                    
20000404  motor_esquerre                
00002a67  moviment_robot                
00002bd1  orientem_robot_dreta          
00002ba5  orientem_robot_esquerra       
000029a1  parar                         
00003db5  scalbn                        
00003db5  scalbnl                       
2000040c  sensor                        
00001c9d  setArea                       
00000103  setBackgroundColor            
000000e5  setColor                      
00001f43  setOrientation                
00004721  sprintf                       
00004851  strchr                        
00004867  strlen                        
0000487b  wcslen                        
00003993  writeCommand                  
0000396d  writeData                     


GLOBAL SYMBOLS: SORTED BY Symbol Address 

address   name                          
-------   ----                          
00000000  __TI_static_base__            
00000000  interruptVectors              
000000e5  setColor                      
00000103  setBackgroundColor            
00000121  clearScreen                   
000001af  clearScreenBkg                
00000200  __STACK_SIZE                  
00000237  drawPixel                     
00000267  drawString                    
000003a1  drawCharSm                    
00000447  drawCharSmBkg                 
00000521  drawCharLg                    
000005c9  drawCharLgBkg                 
000006ad  drawCharMd                    
0000075b  drawCharMdBkg                 
000008bd  drawImage                     
000008d5  drawImageLut                  
000009e3  drawImageMono                 
00000a01  drawLogicLine                 
00000b41  drawLine                      
00000d37  drawRect                      
00000d9b  drawCircle                    
00000f1b  fillRect                      
00000fb9  fillCircle                    
00001131  __TI_printfi                  
00001b7f  __aeabi_idiv0                 
00001b7f  __aeabi_ldiv0                 
00001b81  getOrientacion                
00001b87  getLinea                      
00001bd9  getColumna                    
00001c2b  getAltura                     
00001c71  getScreenWidth                
00001c87  getScreenHeight               
00001c9d  setArea                       
00001dfd  initLCD                       
00001f43  setOrientation                
00001fb1  cambiar_orientacion           
00001fd3  halLcdInit                    
00001fdf  halLcdClearScreen             
00002003  halLcdClearScreenBkg          
00002023  halLcdPrintLine               
000020a3  halLcdPrintLineCol            
00002141  halLcdClearLine               
000021b7  halLcdDrawPixel               
00002209  halLcdDrawLine                
0000225d  halLcdDrawRect                
000022b5  halLcdDrawCircle              
00002305  halLcdFillRect                
00002361  halLcdFillCircle              
000023bd  halLcdDrawImageLut            
00002429  mode_emulador                 
00002431  Sentit_Dades_Rx               
0000243d  Sentit_Dades_Tx               
00002449  TxUACx                        
0000247d  TxPacket                      
000025bd  RxPacket                      
000027e9  EUSCIA0_IRQHandler            
000027e9  EUSCIA0_IRQHandler            
00002817  EUSCIA2_IRQHandler            
00002817  EUSCIA2_IRQHandler            
0000286d  canvi_mode_emulador           
00002887  girar_motor                   
00002901  endavant                      
00002929  endarrere                     
00002951  girar_dreta                   
00002979  girar_esquerra                
000029a1  parar                         
000029ab  llegir_sensors                
00002a67  moviment_robot                
00002b1f  busquem_paret_girant          
00002b61  busquem_paret                 
00002ba5  orientem_robot_esquerra       
00002bd1  orientem_robot_dreta          
00002c2d  init_interrupciones_emulador  
00002c57  init_interrupciones_real      
00002c81  init_UART_emulador            
00002cdf  init_UART_real                
00002d3d  init_direction_port           
00002d67  init_joysticks                
00002dc9  funcionament_robot            
00002e65  main                          
00002eb1  PORT5_IRQHandler              
00002eb1  PORT5_IRQHandler              
00002f69  SystemCoreClockUpdate         
000031e1  SystemInit                    
000036dd  __aeabi_dsub                  
000036e7  __aeabi_dadd                  
00003895  init_spi_lcd_tactil           
0000396d  writeData                     
00003993  writeCommand                  
000039b9  delay                         
00003b59  __aeabi_ddiv                  
00003db5  ldexp                         
00003db5  ldexpl                        
00003db5  scalbn                        
00003db5  scalbnl                       
00003ec5  __aeabi_dmul                  
00004073  __aeabi_memcpy                
00004073  __aeabi_memcpy4               
00004073  __aeabi_memcpy8               
00004073  memcpy                        
0000410f  __aeabi_uldivmod              
000041a5  __aeabi_cdcmpeq               
000041a5  __aeabi_cdcmple               
0000422b  __aeabi_cdrcmple              
000042b1  __aeabi_memclr                
000042b1  __aeabi_memclr4               
000042b1  __aeabi_memclr8               
000042b3  __aeabi_memset                
000042b3  __aeabi_memset4               
000042b3  __aeabi_memset8               
000042b9  memset                        
0000432d  init_ucs_16MHz                
00004365  init_ucs_24MHz                
00004415  Activa_TimerA1_TimeOut        
0000441d  init_TimerA1                  
00004437  Reset_Timeout                 
0000443f  TimeOut                       
0000445d  TA1_0_IRQHandler              
0000445d  TA1_0_IRQHandler              
00004481  __TI_decompress_lzss          
000044e9  frexp                         
000044e9  frexpl                        
000045a3  __TI_ltoa                     
00004649  atoi                          
00004695  __aeabi_d2iz                  
000046dd  __TI_auto_init_nobinit_nopinit
00004721  sprintf                       
000047a1  _c_int00_noargs               
000047d5  __aeabi_i2d                   
00004803  memccpy                       
0000481f  copysign                      
0000481f  copysignl                     
00004851  strchr                        
00004867  strlen                        
0000487b  wcslen                        
0000488d  __TI_decompress_none          
0000489b  Reset_Handler                 
000048a7  ADC14_IRQHandler              
000048a7  AES256_IRQHandler             
000048a7  BusFault_Handler              
000048a7  COMP_E0_IRQHandler            
000048a7  COMP_E1_IRQHandler            
000048a7  CS_IRQHandler                 
000048a7  DMA_ERR_IRQHandler            
000048a7  DMA_INT0_IRQHandler           
000048a7  DMA_INT1_IRQHandler           
000048a7  DMA_INT2_IRQHandler           
000048a7  DMA_INT3_IRQHandler           
000048a7  DebugMon_Handler              
000048a7  Default_Handler               
000048a7  EUSCIA1_IRQHandler            
000048a7  EUSCIA3_IRQHandler            
000048a7  EUSCIB0_IRQHandler            
000048a7  EUSCIB1_IRQHandler            
000048a7  EUSCIB2_IRQHandler            
000048a7  EUSCIB3_IRQHandler            
000048a7  FLCTL_IRQHandler              
000048a7  FPU_IRQHandler                
000048a7  HardFault_Handler             
000048a7  MemManage_Handler             
000048a7  NMI_Handler                   
000048a7  PCM_IRQHandler                
000048a7  PORT1_IRQHandler              
000048a7  PORT2_IRQHandler              
000048a7  PORT3_IRQHandler              
000048a7  PORT4_IRQHandler              
000048a7  PORT6_IRQHandler              
000048a7  PSS_IRQHandler                
000048a7  PendSV_Handler                
000048a7  RTC_C_IRQHandler              
000048a7  SVC_Handler                   
000048a7  SysTick_Handler               
000048a7  T32_INT1_IRQHandler           
000048a7  T32_INT2_IRQHandler           
000048a7  T32_INTC_IRQHandler           
000048a7  TA0_0_IRQHandler              
000048a7  TA0_N_IRQHandler              
000048a7  TA1_N_IRQHandler              
000048a7  TA2_0_IRQHandler              
000048a7  TA2_N_IRQHandler              
000048a7  TA3_0_IRQHandler              
000048a7  TA3_N_IRQHandler              
000048a7  UsageFault_Handler            
000048a7  WDT_A_IRQHandler              
000048a9  __TI_zero_init                
000048c1  __aeabi_errno_addr            
000048c9  _system_pre_init              
000048cd  C$$EXIT                       
000048cd  abort                         
000048d0  font_11x16                    
000050fa  font_8x12                     
0000556e  font_5x7                      
0000574e  _ctypes_                      
000058c8  __TI_Handler_Table_Base       
000058d4  __TI_Handler_Table_Limit      
000058e0  __TI_CINIT_Base               
000058f0  __TI_CINIT_Limit              
20000000  __start___llvm_prf_cnts       
20000000  __stop___llvm_prf_cnts        
20000402  cont_A1                       
20000404  motor_esquerre                
20000408  motor_dret                    
2000040c  sensor                        
20000410  _orientation                  
20000411  Fuente                        
20000412  Color_Fondo                   
20000414  Color_Texto                   
20000416  Color_Fondo_Inv               
20000418  Color_Texto_Inv               
2000041a  colorLowByte                  
2000041b  colorHighByte                 
2000041c  bgColorLowByte                
2000041d  bgColorHighByte               
20000420  mode_funcionament             
20000424  estat_robot                   
20000428  errno                         
2000042c  SystemCoreClock               
2000fe00  __stack                       
20010000  __STACK_END                   
4000480c  WDTCTL_SYM                    
ffffffff  __TI_pprof_out_hndl           
ffffffff  __TI_prof_data_size           
ffffffff  __TI_prof_data_start          
ffffffff  __binit__                     
ffffffff  __c_args__                    
ffffffff  binit                         
UNDEFED   __mpu_init                    
UNDEFED   _system_post_cinit            

[229 symbols]
